[33m=== AgriSense API Tests ===[0m
Base URL: http://localhost:9002/api


[33m--- Health Checks ---[0m

[36mTesting: Chat Health Check[0m
Endpoint: GET /chat
[32mΓ£ô Success (200)[0m
Response: {
  "status": "ok",
  "message": "Chat API is running"
}

[36mTesting: Recommendations Health Check[0m
Endpoint: GET /recommendations
[32mΓ£ô Success (200)[0m
Response: {
  "status": "ok",
  "message": "Recommendations API is running"
}

[36mTesting: Diagnose Health Check[0m
Endpoint: GET /diagnose
[32mΓ£ô Success (200)[0m
Response: {
  "status": "ok",
  "message": "Diagnose API is running"
}

[33m--- Chat API Tests ---[0m

[36mTesting: Chat - Simple Question[0m
Endpoint: POST /chat
Request body: {
  "question": "What is the best time to plant wheat in India?",
  "language": "English"
}
[32mΓ£ô Success (200)[0m
Response: {
  "answer": "I'm a bit busy right now. Please try again in a minute or contact your local Krishi Vigyan Kendra for urgent help."
}

[36mTesting: Chat - Hindi Question[0m
Endpoint: POST /chat
Request body: {
  "question": "αñ«αñ┐αñƒαÑìαñƒαÑÇ αñòαÑÇ αñëαñ░αÑìαñ╡αñ░αññαñ╛ αñòαÑêαñ╕αÑç αñ¼αñóαñ╝αñ╛αñÅαñé?",
  "language": "Hindi"
}
[32mΓ£ô Success (200)[0m
Response: {
  "answer": "I'm a bit busy right now. Please try again in a minute or contact your local Krishi Vigyan Kendra for urgent help."
}

[33m--- Recommendations API Tests ---[0m

[36mTesting: Recommendations - Full Data[0m
Endpoint: POST /recommendations
Request body: {
  "soilMoisture": 45,
  "soilTemperature": 25,
  "soilPh": 6.5,
  "nutrientLevel": 70,
  "weatherForecast": "Mostly sunny for the next 3 days",
  "cropType": "Wheat",
  "location": "Punjab, India",
  "language": "English"
}
[32mΓ£ô Success (200)[0m
Response: [
  {
    "icon": "≡ƒÆº",
    "title": "Check Irrigation",
    "action": "Monitor your soil moisture levels regularly and adjust watering as needed.",
    "priority": "Medium"
  }
]

[33m--- Error Handling Tests ---[0m

[36mTesting: Chat - Missing Question[0m
Endpoint: POST /chat
Request body: {
  "language": "English"
}
[31mΓ£ù Error (400)[0m
Error: {
  "error": "Question is required and must be a string"
}

[36mTesting: Recommendations - Missing Data[0m
Endpoint: POST /recommendations
Request body: {
  "soilMoisture": 45
}
[31mΓ£ù Error (400)[0m
Error: {
  "error": "Missing required sensor data (soilMoisture, soilTemperature, soilPh, nutrientLevel)"
}

[33m=== Tests Complete ===[0m

